<?xml version="1.0"?>
<link_info>
   <banner>TI ARM Linker PC v16.9.7.LTS</banner>
   <copyright>Copyright (c) 1996-2017 Texas Instruments Incorporated</copyright>
   <link_time>0x5aea79b4</link_time>
   <link_errors>0x0</link_errors>
   <output_file>int_sw.out</output_file>
   <entry_point>
      <name>_c_int00</name>
      <address>0x20006b7d</address>
   </entry_point>
   <input_file_list>
      <input_file id="fl-2">
         <path>.\</path>
         <kind>object</kind>
         <file>Adafruit_GFX.obj</file>
         <name>Adafruit_GFX.obj</name>
      </input_file>
      <input_file id="fl-3">
         <path>.\</path>
         <kind>object</kind>
         <file>Adafruit_OLED.obj</file>
         <name>Adafruit_OLED.obj</name>
      </input_file>
      <input_file id="fl-4">
         <path>.\</path>
         <kind>object</kind>
         <file>main.obj</file>
         <name>main.obj</name>
      </input_file>
      <input_file id="fl-5">
         <path>.\</path>
         <kind>object</kind>
         <file>pin_mux_config.obj</file>
         <name>pin_mux_config.obj</name>
      </input_file>
      <input_file id="fl-6">
         <path>.\</path>
         <kind>object</kind>
         <file>startup_ccs.obj</file>
         <name>startup_ccs.obj</name>
      </input_file>
      <input_file id="fl-7">
         <path>.\</path>
         <kind>object</kind>
         <file>timer_if.obj</file>
         <name>timer_if.obj</name>
      </input_file>
      <input_file id="fl-8">
         <path>.\</path>
         <kind>object</kind>
         <file>uart_if.obj</file>
         <name>uart_if.obj</name>
      </input_file>
      <input_file id="fl-d">
         <kind>object</kind>
         <file>&lt;internal&gt;</file>
         <name>&lt;internal&gt;</name>
      </input_file>
      <input_file id="fl-c3">
         <path>C:\ti\ccsv8\tools\compiler\ti-cgt-arm_16.9.7.LTS\lib\</path>
         <kind>archive</kind>
         <file>rtsv7M4_T_le_eabi.lib</file>
         <name>boot.obj</name>
      </input_file>
      <input_file id="fl-c4">
         <path>C:\ti\ccsv8\tools\compiler\ti-cgt-arm_16.9.7.LTS\lib\</path>
         <kind>archive</kind>
         <file>rtsv7M4_T_le_eabi.lib</file>
         <name>copy_decompress_lzss.obj</name>
      </input_file>
      <input_file id="fl-c5">
         <path>C:\ti\ccsv8\tools\compiler\ti-cgt-arm_16.9.7.LTS\lib\</path>
         <kind>archive</kind>
         <file>rtsv7M4_T_le_eabi.lib</file>
         <name>copy_decompress_none.obj</name>
      </input_file>
      <input_file id="fl-c6">
         <path>C:\ti\ccsv8\tools\compiler\ti-cgt-arm_16.9.7.LTS\lib\</path>
         <kind>archive</kind>
         <file>rtsv7M4_T_le_eabi.lib</file>
         <name>copy_zero_init.obj</name>
      </input_file>
      <input_file id="fl-c7">
         <path>C:\ti\ccsv8\tools\compiler\ti-cgt-arm_16.9.7.LTS\lib\</path>
         <kind>archive</kind>
         <file>rtsv7M4_T_le_eabi.lib</file>
         <name>exit.obj</name>
      </input_file>
      <input_file id="fl-c8">
         <path>C:\ti\ccsv8\tools\compiler\ti-cgt-arm_16.9.7.LTS\lib\</path>
         <kind>archive</kind>
         <file>rtsv7M4_T_le_eabi.lib</file>
         <name>memcmp.obj</name>
      </input_file>
      <input_file id="fl-c9">
         <path>C:\ti\ccsv8\tools\compiler\ti-cgt-arm_16.9.7.LTS\lib\</path>
         <kind>archive</kind>
         <file>rtsv7M4_T_le_eabi.lib</file>
         <name>memcpy_t2.obj</name>
      </input_file>
      <input_file id="fl-ca">
         <path>C:\ti\ccsv8\tools\compiler\ti-cgt-arm_16.9.7.LTS\lib\</path>
         <kind>archive</kind>
         <file>rtsv7M4_T_le_eabi.lib</file>
         <name>memmov.obj</name>
      </input_file>
      <input_file id="fl-cb">
         <path>C:\ti\ccsv8\tools\compiler\ti-cgt-arm_16.9.7.LTS\lib\</path>
         <kind>archive</kind>
         <file>rtsv7M4_T_le_eabi.lib</file>
         <name>memory.obj</name>
      </input_file>
      <input_file id="fl-cc">
         <path>C:\ti\ccsv8\tools\compiler\ti-cgt-arm_16.9.7.LTS\lib\</path>
         <kind>archive</kind>
         <file>rtsv7M4_T_le_eabi.lib</file>
         <name>memset_t2.obj</name>
      </input_file>
      <input_file id="fl-cd">
         <path>C:\ti\ccsv8\tools\compiler\ti-cgt-arm_16.9.7.LTS\lib\</path>
         <kind>archive</kind>
         <file>rtsv7M4_T_le_eabi.lib</file>
         <name>mpu_init.obj</name>
      </input_file>
      <input_file id="fl-ce">
         <path>C:\ti\ccsv8\tools\compiler\ti-cgt-arm_16.9.7.LTS\lib\</path>
         <kind>archive</kind>
         <file>rtsv7M4_T_le_eabi.lib</file>
         <name>pre_init.obj</name>
      </input_file>
      <input_file id="fl-cf">
         <path>C:\ti\ccsv8\tools\compiler\ti-cgt-arm_16.9.7.LTS\lib\</path>
         <kind>archive</kind>
         <file>rtsv7M4_T_le_eabi.lib</file>
         <name>stkdepth_vars.obj</name>
      </input_file>
      <input_file id="fl-d0">
         <path>C:\ti\ccsv8\tools\compiler\ti-cgt-arm_16.9.7.LTS\lib\</path>
         <kind>archive</kind>
         <file>rtsv7M4_T_le_eabi.lib</file>
         <name>strlen.obj</name>
      </input_file>
      <input_file id="fl-d1">
         <path>C:\ti\ccsv8\tools\compiler\ti-cgt-arm_16.9.7.LTS\lib\</path>
         <kind>archive</kind>
         <file>rtsv7M4_T_le_eabi.lib</file>
         <name>vsnprintf.obj</name>
      </input_file>
      <input_file id="fl-d2">
         <path>C:\ti\ccsv8\tools\compiler\ti-cgt-arm_16.9.7.LTS\lib\</path>
         <kind>archive</kind>
         <file>rtsv7M4_T_le_eabi.lib</file>
         <name>_lock.obj</name>
      </input_file>
      <input_file id="fl-d3">
         <path>C:\ti\ccsv8\tools\compiler\ti-cgt-arm_16.9.7.LTS\lib\</path>
         <kind>archive</kind>
         <file>rtsv7M4_T_le_eabi.lib</file>
         <name>_printfi.obj</name>
      </input_file>
      <input_file id="fl-d4">
         <path>C:\ti\ccsv8\tools\compiler\ti-cgt-arm_16.9.7.LTS\lib\</path>
         <kind>archive</kind>
         <file>rtsv7M4_T_le_eabi.lib</file>
         <name>args_main.obj</name>
      </input_file>
      <input_file id="fl-d5">
         <path>C:\ti\ccsv8\tools\compiler\ti-cgt-arm_16.9.7.LTS\lib\</path>
         <kind>archive</kind>
         <file>rtsv7M4_T_le_eabi.lib</file>
         <name>atoi.obj</name>
      </input_file>
      <input_file id="fl-d6">
         <path>C:\ti\ccsv8\tools\compiler\ti-cgt-arm_16.9.7.LTS\lib\</path>
         <kind>archive</kind>
         <file>rtsv7M4_T_le_eabi.lib</file>
         <name>autoinit.obj</name>
      </input_file>
      <input_file id="fl-d7">
         <path>C:\ti\ccsv8\tools\compiler\ti-cgt-arm_16.9.7.LTS\lib\</path>
         <kind>archive</kind>
         <file>rtsv7M4_T_le_eabi.lib</file>
         <name>cpy_tbl.obj</name>
      </input_file>
      <input_file id="fl-d8">
         <path>C:\ti\ccsv8\tools\compiler\ti-cgt-arm_16.9.7.LTS\lib\</path>
         <kind>archive</kind>
         <file>rtsv7M4_T_le_eabi.lib</file>
         <name>ctype.obj</name>
      </input_file>
      <input_file id="fl-d9">
         <path>C:\ti\ccsv8\tools\compiler\ti-cgt-arm_16.9.7.LTS\lib\</path>
         <kind>archive</kind>
         <file>rtsv7M4_T_le_eabi.lib</file>
         <name>fd_add_t2.obj</name>
      </input_file>
      <input_file id="fl-da">
         <path>C:\ti\ccsv8\tools\compiler\ti-cgt-arm_16.9.7.LTS\lib\</path>
         <kind>archive</kind>
         <file>rtsv7M4_T_le_eabi.lib</file>
         <name>fd_cmp_t2.obj</name>
      </input_file>
      <input_file id="fl-db">
         <path>C:\ti\ccsv8\tools\compiler\ti-cgt-arm_16.9.7.LTS\lib\</path>
         <kind>archive</kind>
         <file>rtsv7M4_T_le_eabi.lib</file>
         <name>fd_div_t2.obj</name>
      </input_file>
      <input_file id="fl-dc">
         <path>C:\ti\ccsv8\tools\compiler\ti-cgt-arm_16.9.7.LTS\lib\</path>
         <kind>archive</kind>
         <file>rtsv7M4_T_le_eabi.lib</file>
         <name>fd_mul_t2.obj</name>
      </input_file>
      <input_file id="fl-dd">
         <path>C:\ti\ccsv8\tools\compiler\ti-cgt-arm_16.9.7.LTS\lib\</path>
         <kind>archive</kind>
         <file>rtsv7M4_T_le_eabi.lib</file>
         <name>fd_toi_t2.obj</name>
      </input_file>
      <input_file id="fl-de">
         <path>C:\ti\ccsv8\tools\compiler\ti-cgt-arm_16.9.7.LTS\lib\</path>
         <kind>archive</kind>
         <file>rtsv7M4_T_le_eabi.lib</file>
         <name>i_tofd_t2.obj</name>
      </input_file>
      <input_file id="fl-df">
         <path>C:\ti\ccsv8\tools\compiler\ti-cgt-arm_16.9.7.LTS\lib\</path>
         <kind>archive</kind>
         <file>rtsv7M4_T_le_eabi.lib</file>
         <name>ltoa.obj</name>
      </input_file>
      <input_file id="fl-e0">
         <path>C:\ti\ccsv8\tools\compiler\ti-cgt-arm_16.9.7.LTS\lib\</path>
         <kind>archive</kind>
         <file>rtsv7M4_T_le_eabi.lib</file>
         <name>memccpy.obj</name>
      </input_file>
      <input_file id="fl-e1">
         <path>C:\ti\ccsv8\tools\compiler\ti-cgt-arm_16.9.7.LTS\lib\</path>
         <kind>archive</kind>
         <file>rtsv7M4_T_le_eabi.lib</file>
         <name>s_frexp.obj</name>
      </input_file>
      <input_file id="fl-e2">
         <path>C:\ti\ccsv8\tools\compiler\ti-cgt-arm_16.9.7.LTS\lib\</path>
         <kind>archive</kind>
         <file>rtsv7M4_T_le_eabi.lib</file>
         <name>s_scalbn.obj</name>
      </input_file>
      <input_file id="fl-e3">
         <path>C:\ti\ccsv8\tools\compiler\ti-cgt-arm_16.9.7.LTS\lib\</path>
         <kind>archive</kind>
         <file>rtsv7M4_T_le_eabi.lib</file>
         <name>startup.obj</name>
      </input_file>
      <input_file id="fl-e4">
         <path>C:\ti\ccsv8\tools\compiler\ti-cgt-arm_16.9.7.LTS\lib\</path>
         <kind>archive</kind>
         <file>rtsv7M4_T_le_eabi.lib</file>
         <name>strchr.obj</name>
      </input_file>
      <input_file id="fl-e5">
         <path>C:\ti\ccsv8\tools\compiler\ti-cgt-arm_16.9.7.LTS\lib\</path>
         <kind>archive</kind>
         <file>rtsv7M4_T_le_eabi.lib</file>
         <name>ull_div_t2.obj</name>
      </input_file>
      <input_file id="fl-e6">
         <path>C:\ti\ccsv8\tools\compiler\ti-cgt-arm_16.9.7.LTS\lib\</path>
         <kind>archive</kind>
         <file>rtsv7M4_T_le_eabi.lib</file>
         <name>errno.obj</name>
      </input_file>
      <input_file id="fl-e7">
         <path>C:\ti\ccsv8\tools\compiler\ti-cgt-arm_16.9.7.LTS\lib\</path>
         <kind>archive</kind>
         <file>rtsv7M4_T_le_eabi.lib</file>
         <name>s_copysign.obj</name>
      </input_file>
      <input_file id="fl-e8">
         <path>C:\ti\CC3200SDK_1.3.0\cc3200-sdk\driverlib\ccs\Release\</path>
         <kind>archive</kind>
         <file>driverlib.a</file>
         <name>gpio.obj</name>
      </input_file>
      <input_file id="fl-e9">
         <path>C:\ti\CC3200SDK_1.3.0\cc3200-sdk\driverlib\ccs\Release\</path>
         <kind>archive</kind>
         <file>driverlib.a</file>
         <name>interrupt.obj</name>
      </input_file>
      <input_file id="fl-ea">
         <path>C:\ti\CC3200SDK_1.3.0\cc3200-sdk\driverlib\ccs\Release\</path>
         <kind>archive</kind>
         <file>driverlib.a</file>
         <name>pin.obj</name>
      </input_file>
      <input_file id="fl-eb">
         <path>C:\ti\CC3200SDK_1.3.0\cc3200-sdk\driverlib\ccs\Release\</path>
         <kind>archive</kind>
         <file>driverlib.a</file>
         <name>prcm.obj</name>
      </input_file>
      <input_file id="fl-ec">
         <path>C:\ti\CC3200SDK_1.3.0\cc3200-sdk\driverlib\ccs\Release\</path>
         <kind>archive</kind>
         <file>driverlib.a</file>
         <name>spi.obj</name>
      </input_file>
      <input_file id="fl-ed">
         <path>C:\ti\CC3200SDK_1.3.0\cc3200-sdk\driverlib\ccs\Release\</path>
         <kind>archive</kind>
         <file>driverlib.a</file>
         <name>timer.obj</name>
      </input_file>
      <input_file id="fl-ee">
         <path>C:\ti\CC3200SDK_1.3.0\cc3200-sdk\driverlib\ccs\Release\</path>
         <kind>archive</kind>
         <file>driverlib.a</file>
         <name>uart.obj</name>
      </input_file>
      <input_file id="fl-ef">
         <path>C:\ti\CC3200SDK_1.3.0\cc3200-sdk\driverlib\ccs\Release\</path>
         <kind>archive</kind>
         <file>driverlib.a</file>
         <name>utils.obj</name>
      </input_file>
      <input_file id="fl-f0">
         <path>C:\ti\CC3200SDK_1.3.0\cc3200-sdk\driverlib\ccs\Release\</path>
         <kind>archive</kind>
         <file>driverlib.a</file>
         <name>cpu.obj</name>
      </input_file>
      <input_file id="fl-f1">
         <path>C:\ti\CC3200SDK_1.3.0\cc3200-sdk\driverlib\ccs\Release\</path>
         <kind>archive</kind>
         <file>driverlib.a</file>
         <name>flash.obj</name>
      </input_file>
   </input_file_list>
   <object_component_list>
      <object_component id="oc-f">
         <name>.intvecs</name>
         <load_address>0x20004000</load_address>
         <run_address>0x20004000</run_address>
         <size>0x400</size>
         <input_file_ref idref="fl-6"/>
      </object_component>
      <object_component id="oc-108">
         <name>.text</name>
         <load_address>0x20004400</load_address>
         <run_address>0x20004400</run_address>
         <size>0xa80</size>
         <input_file_ref idref="fl-2"/>
      </object_component>
      <object_component id="oc-a8">
         <name>.text</name>
         <load_address>0x20004e80</load_address>
         <run_address>0x20004e80</run_address>
         <size>0x810</size>
         <input_file_ref idref="fl-4"/>
      </object_component>
      <object_component id="oc-102">
         <name>.text</name>
         <load_address>0x20005690</load_address>
         <run_address>0x20005690</run_address>
         <size>0x4aa</size>
         <input_file_ref idref="fl-3"/>
      </object_component>
      <object_component id="oc-36f">
         <name>.text:IntDefaultHandler</name>
         <load_address>0x20005b3a</load_address>
         <run_address>0x20005b3a</run_address>
         <size>0x2</size>
         <input_file_ref idref="fl-e9"/>
      </object_component>
      <object_component id="oc-f0">
         <name>.text</name>
         <load_address>0x20005b3c</load_address>
         <run_address>0x20005b3c</run_address>
         <size>0x198</size>
         <input_file_ref idref="fl-7"/>
      </object_component>
      <object_component id="oc-14e">
         <name>.text:PRCMCC3200MCUInit</name>
         <load_address>0x20005cd4</load_address>
         <run_address>0x20005cd4</run_address>
         <size>0x178</size>
         <input_file_ref idref="fl-eb"/>
      </object_component>
      <object_component id="oc-175">
         <name>.text</name>
         <load_address>0x20005e4c</load_address>
         <run_address>0x20005e4c</run_address>
         <size>0x128</size>
         <input_file_ref idref="fl-5"/>
      </object_component>
      <object_component id="oc-32e">
         <name>.text:SPITransfer32</name>
         <load_address>0x20005f74</load_address>
         <run_address>0x20005f74</run_address>
         <size>0xd0</size>
         <input_file_ref idref="fl-ec"/>
      </object_component>
      <object_component id="oc-328">
         <name>.text:SPITransfer16</name>
         <load_address>0x20006044</load_address>
         <run_address>0x20006044</run_address>
         <size>0xce</size>
         <input_file_ref idref="fl-ec"/>
      </object_component>
      <object_component id="oc-322">
         <name>.text:SPITransfer8</name>
         <load_address>0x20006112</load_address>
         <run_address>0x20006112</run_address>
         <size>0xb8</size>
         <input_file_ref idref="fl-ec"/>
      </object_component>
      <object_component id="oc-59">
         <name>.text</name>
         <load_address>0x200061ca</load_address>
         <run_address>0x200061ca</run_address>
         <size>0x2</size>
         <input_file_ref idref="fl-cd"/>
      </object_component>
      <object_component id="oc-30e">
         <name>.text:IntDisable</name>
         <load_address>0x200061cc</load_address>
         <run_address>0x200061cc</run_address>
         <size>0xa8</size>
         <input_file_ref idref="fl-e9"/>
      </object_component>
      <object_component id="oc-148">
         <name>.text:IntEnable</name>
         <load_address>0x20006274</load_address>
         <run_address>0x20006274</run_address>
         <size>0xa8</size>
         <input_file_ref idref="fl-e9"/>
      </object_component>
      <object_component id="oc-19f">
         <name>.text:SPIConfigSetExpClk</name>
         <load_address>0x2000631c</load_address>
         <run_address>0x2000631c</run_address>
         <size>0xa0</size>
         <input_file_ref idref="fl-ec"/>
      </object_component>
      <object_component id="oc-41">
         <name>.text</name>
         <load_address>0x200063bc</load_address>
         <run_address>0x200063bc</run_address>
         <size>0x9c</size>
         <input_file_ref idref="fl-c9"/>
      </object_component>
      <object_component id="oc-199">
         <name>.text:PRCMPeripheralClockGet</name>
         <load_address>0x20006458</load_address>
         <run_address>0x20006458</run_address>
         <size>0x94</size>
         <input_file_ref idref="fl-eb"/>
      </object_component>
      <object_component id="oc-34c">
         <name>.text:PinConfigSet</name>
         <load_address>0x200064ec</load_address>
         <run_address>0x200064ec</run_address>
         <size>0x88</size>
         <input_file_ref idref="fl-ea"/>
      </object_component>
      <object_component id="oc-24e">
         <name>.text:SPITransfer</name>
         <load_address>0x20006574</load_address>
         <run_address>0x20006574</run_address>
         <size>0x88</size>
         <input_file_ref idref="fl-ec"/>
      </object_component>
      <object_component id="oc-181">
         <name>.text:GPIOIntTypeSet</name>
         <load_address>0x200065fc</load_address>
         <run_address>0x200065fc</run_address>
         <size>0x82</size>
         <input_file_ref idref="fl-e8"/>
      </object_component>
      <object_component id="oc-4d">
         <name>.text</name>
         <load_address>0x2000667e</load_address>
         <run_address>0x2000667e</run_address>
         <size>0x7a</size>
         <input_file_ref idref="fl-cc"/>
      </object_component>
      <object_component id="oc-1ab">
         <name>.text:UARTConfigSetExpClk</name>
         <load_address>0x200066f8</load_address>
         <run_address>0x200066f8</run_address>
         <size>0x76</size>
         <input_file_ref idref="fl-ee"/>
      </object_component>
      <object_component id="oc-a0">
         <name>.text</name>
         <load_address>0x2000676e</load_address>
         <run_address>0x2000676e</run_address>
         <size>0x2</size>
         <input_file_ref idref="fl-e3"/>
      </object_component>
      <object_component id="oc-201">
         <name>.text:TimerIntRegister</name>
         <load_address>0x20006770</load_address>
         <run_address>0x20006770</run_address>
         <size>0x70</size>
         <input_file_ref idref="fl-ed"/>
      </object_component>
      <object_component id="oc-65">
         <name>.text</name>
         <load_address>0x200067e0</load_address>
         <run_address>0x200067e0</run_address>
         <size>0x70</size>
         <input_file_ref idref="fl-d6"/>
      </object_component>
      <object_component id="oc-231">
         <name>.text:TimerIntUnregister</name>
         <load_address>0x20006850</load_address>
         <run_address>0x20006850</run_address>
         <size>0x68</size>
         <input_file_ref idref="fl-ed"/>
      </object_component>
      <object_component id="oc-12">
         <name>.text:decompress:lzss</name>
         <load_address>0x200068b8</load_address>
         <run_address>0x200068b8</run_address>
         <size>0x68</size>
         <input_file_ref idref="fl-c4"/>
      </object_component>
      <object_component id="oc-18d">
         <name>.text:PRCMPeripheralReset</name>
         <load_address>0x20006920</load_address>
         <run_address>0x20006920</run_address>
         <size>0x58</size>
         <input_file_ref idref="fl-eb"/>
      </object_component>
      <object_component id="oc-1fb">
         <name>.text:IntPrioritySet</name>
         <load_address>0x20006978</load_address>
         <run_address>0x20006978</run_address>
         <size>0x54</size>
         <input_file_ref idref="fl-e9"/>
      </object_component>
      <object_component id="oc-71">
         <name>.text</name>
         <load_address>0x200069cc</load_address>
         <run_address>0x200069cc</run_address>
         <size>0x54</size>
         <input_file_ref idref="fl-c7"/>
      </object_component>
      <object_component id="oc-9a">
         <name>.text</name>
         <load_address>0x20006a20</load_address>
         <run_address>0x20006a20</run_address>
         <size>0x4c</size>
         <input_file_ref idref="fl-d7"/>
      </object_component>
      <object_component id="oc-2d2">
         <name>.text:GPIOGetIntNumber</name>
         <load_address>0x20006a6c</load_address>
         <run_address>0x20006a6c</run_address>
         <size>0x48</size>
         <input_file_ref idref="fl-e8"/>
      </object_component>
      <object_component id="oc-1ef">
         <name>.text:TimerConfigure</name>
         <load_address>0x20006ab4</load_address>
         <run_address>0x20006ab4</run_address>
         <size>0x44</size>
         <input_file_ref idref="fl-ed"/>
      </object_component>
      <object_component id="oc-2f3">
         <name>.text:UARTIntNumberGet</name>
         <load_address>0x20006af8</load_address>
         <run_address>0x20006af8</run_address>
         <size>0x44</size>
         <input_file_ref idref="fl-ee"/>
      </object_component>
      <object_component id="oc-2b3">
         <name>.text:PinModeSet</name>
         <load_address>0x20006b3c</load_address>
         <run_address>0x20006b3c</run_address>
         <size>0x40</size>
         <input_file_ref idref="fl-ea"/>
      </object_component>
      <object_component id="oc-24">
         <name>.text</name>
         <load_address>0x20006b7c</load_address>
         <run_address>0x20006b7c</run_address>
         <size>0x40</size>
         <input_file_ref idref="fl-c3"/>
      </object_component>
      <object_component id="oc-187">
         <name>.text:PRCMPeripheralClkEnable</name>
         <load_address>0x20006bbc</load_address>
         <run_address>0x20006bbc</run_address>
         <size>0x3c</size>
         <input_file_ref idref="fl-eb"/>
      </object_component>
      <object_component id="oc-2bf">
         <name>.text:GPIODirModeSet</name>
         <load_address>0x20006bf8</load_address>
         <run_address>0x20006bf8</run_address>
         <size>0x36</size>
         <input_file_ref idref="fl-e8"/>
      </object_component>
      <object_component id="oc-2b9">
         <name>.text:PinTypeGPIO</name>
         <load_address>0x20006c2e</load_address>
         <run_address>0x20006c2e</run_address>
         <size>0x30</size>
         <input_file_ref idref="fl-ea"/>
      </object_component>
      <object_component id="oc-2eb">
         <name>.text:UARTDisable</name>
         <load_address>0x20006c60</load_address>
         <run_address>0x20006c60</run_address>
         <size>0x30</size>
         <input_file_ref idref="fl-ee"/>
      </object_component>
      <object_component id="oc-284">
         <name>.text:PRCMSysResetCauseGet</name>
         <load_address>0x20006c90</load_address>
         <run_address>0x20006c90</run_address>
         <size>0x2c</size>
         <input_file_ref idref="fl-eb"/>
      </object_component>
      <object_component id="oc-219">
         <name>.text:TimerLoadSet</name>
         <load_address>0x20006cbc</load_address>
         <run_address>0x20006cbc</run_address>
         <size>0x2a</size>
         <input_file_ref idref="fl-ed"/>
      </object_component>
      <object_component id="oc-1f5">
         <name>.text:TimerPrescaleSet</name>
         <load_address>0x20006ce6</load_address>
         <run_address>0x20006ce6</run_address>
         <size>0x2a</size>
         <input_file_ref idref="fl-ed"/>
      </object_component>
      <object_component id="oc-296">
         <name>.text:PRCMPeripheralClkDisable</name>
         <load_address>0x20006d10</load_address>
         <run_address>0x20006d10</run_address>
         <size>0x28</size>
         <input_file_ref idref="fl-eb"/>
      </object_component>
      <object_component id="oc-314">
         <name>.text:IntUnregister</name>
         <load_address>0x20006d38</load_address>
         <run_address>0x20006d38</run_address>
         <size>0x24</size>
         <input_file_ref idref="fl-e9"/>
      </object_component>
      <object_component id="oc-1b1">
         <name>.text:UARTEnable</name>
         <load_address>0x20006d5c</load_address>
         <run_address>0x20006d5c</run_address>
         <size>0x24</size>
         <input_file_ref idref="fl-ee"/>
      </object_component>
      <object_component id="oc-fc">
         <name>.text</name>
         <load_address>0x20006d80</load_address>
         <run_address>0x20006d80</run_address>
         <size>0x24</size>
         <input_file_ref idref="fl-c8"/>
      </object_component>
      <object_component id="oc-d8">
         <name>.text:GPIOIntStatus</name>
         <load_address>0x20006da4</load_address>
         <run_address>0x20006da4</run_address>
         <size>0x22</size>
         <input_file_ref idref="fl-e8"/>
      </object_component>
      <object_component id="oc-193">
         <name>.text:SPIReset</name>
         <load_address>0x20006dc6</load_address>
         <run_address>0x20006dc6</run_address>
         <size>0x22</size>
         <input_file_ref idref="fl-ec"/>
      </object_component>
      <object_component id="oc-248">
         <name>.text:GPIOPinWrite</name>
         <load_address>0x20006de8</load_address>
         <run_address>0x20006de8</run_address>
         <size>0x20</size>
         <input_file_ref idref="fl-e8"/>
      </object_component>
      <object_component id="oc-2d8">
         <name>.text:IntRegister</name>
         <load_address>0x20006e08</load_address>
         <run_address>0x20006e08</run_address>
         <size>0x20</size>
         <input_file_ref idref="fl-e9"/>
      </object_component>
      <object_component id="oc-17b">
         <name>.text:GPIOIntRegister</name>
         <load_address>0x20006e28</load_address>
         <run_address>0x20006e28</run_address>
         <size>0x1e</size>
         <input_file_ref idref="fl-e8"/>
      </object_component>
      <object_component id="oc-225">
         <name>.text:TimerDisable</name>
         <load_address>0x20006e46</load_address>
         <run_address>0x20006e46</run_address>
         <size>0x1e</size>
         <input_file_ref idref="fl-ed"/>
      </object_component>
      <object_component id="oc-21f">
         <name>.text:TimerEnable</name>
         <load_address>0x20006e64</load_address>
         <run_address>0x20006e64</run_address>
         <size>0x1e</size>
         <input_file_ref idref="fl-ed"/>
      </object_component>
      <object_component id="oc-20d">
         <name>.text:TimerIntStatus</name>
         <load_address>0x20006e82</load_address>
         <run_address>0x20006e82</run_address>
         <size>0x1e</size>
         <input_file_ref idref="fl-ed"/>
      </object_component>
      <object_component id="oc-130">
         <name>.text:UARTCharPut</name>
         <load_address>0x20006ea0</load_address>
         <run_address>0x20006ea0</run_address>
         <size>0x1e</size>
         <input_file_ref idref="fl-ee"/>
      </object_component>
      <object_component id="oc-1b7">
         <name>.text:UARTIntRegister</name>
         <load_address>0x20006ebe</load_address>
         <run_address>0x20006ebe</run_address>
         <size>0x1e</size>
         <input_file_ref idref="fl-ee"/>
      </object_component>
      <object_component id="oc-10e">
         <name>.text:UARTIntStatus</name>
         <load_address>0x20006edc</load_address>
         <run_address>0x20006edc</run_address>
         <size>0x1e</size>
         <input_file_ref idref="fl-ee"/>
      </object_component>
      <object_component id="oc-237">
         <name>.text:TimerValueGet</name>
         <load_address>0x20006efa</load_address>
         <run_address>0x20006efa</run_address>
         <size>0x1c</size>
         <input_file_ref idref="fl-ed"/>
      </object_component>
      <object_component id="oc-e4">
         <name>.text:GPIOIntDisable</name>
         <load_address>0x20006f16</load_address>
         <run_address>0x20006f16</run_address>
         <size>0x1a</size>
         <input_file_ref idref="fl-e8"/>
      </object_component>
      <object_component id="oc-f6">
         <name>.text:GPIOIntEnable</name>
         <load_address>0x20006f30</load_address>
         <run_address>0x20006f30</run_address>
         <size>0x1a</size>
         <input_file_ref idref="fl-e8"/>
      </object_component>
      <object_component id="oc-2c5">
         <name>.text:PinTypeSPI</name>
         <load_address>0x20006f4a</load_address>
         <run_address>0x20006f4a</run_address>
         <size>0x1a</size>
         <input_file_ref idref="fl-ea"/>
      </object_component>
      <object_component id="oc-2cb">
         <name>.text:PinTypeUART</name>
         <load_address>0x20006f64</load_address>
         <run_address>0x20006f64</run_address>
         <size>0x1a</size>
         <input_file_ref idref="fl-ea"/>
      </object_component>
      <object_component id="oc-ea">
         <name>.text:GPIOPinRead</name>
         <load_address>0x20006f7e</load_address>
         <run_address>0x20006f7e</run_address>
         <size>0x18</size>
         <input_file_ref idref="fl-e8"/>
      </object_component>
      <object_component id="oc-254">
         <name>.text:SPICSDisable</name>
         <load_address>0x20006f96</load_address>
         <run_address>0x20006f96</run_address>
         <size>0x18</size>
         <input_file_ref idref="fl-ec"/>
      </object_component>
      <object_component id="oc-242">
         <name>.text:SPICSEnable</name>
         <load_address>0x20006fae</load_address>
         <run_address>0x20006fae</run_address>
         <size>0x18</size>
         <input_file_ref idref="fl-ec"/>
      </object_component>
      <object_component id="oc-1a5">
         <name>.text:SPIEnable</name>
         <load_address>0x20006fc6</load_address>
         <run_address>0x20006fc6</run_address>
         <size>0x18</size>
         <input_file_ref idref="fl-ec"/>
      </object_component>
      <object_component id="oc-22b">
         <name>.text:TimerIntDisable</name>
         <load_address>0x20006fde</load_address>
         <run_address>0x20006fde</run_address>
         <size>0x18</size>
         <input_file_ref idref="fl-ed"/>
      </object_component>
      <object_component id="oc-207">
         <name>.text:TimerIntEnable</name>
         <load_address>0x20006ff6</load_address>
         <run_address>0x20006ff6</run_address>
         <size>0x18</size>
         <input_file_ref idref="fl-ed"/>
      </object_component>
      <object_component id="oc-120">
         <name>.text:UARTCharsAvail</name>
         <load_address>0x2000700e</load_address>
         <run_address>0x2000700e</run_address>
         <size>0x18</size>
         <input_file_ref idref="fl-ee"/>
      </object_component>
      <object_component id="oc-1bd">
         <name>.text:UARTIntEnable</name>
         <load_address>0x20007026</load_address>
         <run_address>0x20007026</run_address>
         <size>0x18</size>
         <input_file_ref idref="fl-ee"/>
      </object_component>
      <object_component id="oc-6b">
         <name>.text</name>
         <load_address>0x20007040</load_address>
         <run_address>0x20007040</run_address>
         <size>0x18</size>
         <input_file_ref idref="fl-d4"/>
      </object_component>
      <object_component id="oc-28a">
         <name>.text:PRCMHIBRegRead</name>
         <load_address>0x20007058</load_address>
         <run_address>0x20007058</run_address>
         <size>0x16</size>
         <input_file_ref idref="fl-eb"/>
      </object_component>
      <object_component id="oc-290">
         <name>.text:PRCMHIBRegWrite</name>
         <load_address>0x2000706e</load_address>
         <run_address>0x2000706e</run_address>
         <size>0x16</size>
         <input_file_ref idref="fl-eb"/>
      </object_component>
      <object_component id="oc-11a">
         <name>.text:UARTCharGet</name>
         <load_address>0x20007084</load_address>
         <run_address>0x20007084</run_address>
         <size>0x16</size>
         <input_file_ref idref="fl-ee"/>
      </object_component>
      <object_component id="oc-279">
         <name>.text:CPUcpsie</name>
         <load_address>0x2000709a</load_address>
         <run_address>0x2000709a</run_address>
         <size>0x14</size>
         <input_file_ref idref="fl-f0"/>
      </object_component>
      <object_component id="oc-de">
         <name>.text:GPIOIntClear</name>
         <load_address>0x200070ae</load_address>
         <run_address>0x200070ae</run_address>
         <size>0x14</size>
         <input_file_ref idref="fl-e8"/>
      </object_component>
      <object_component id="oc-13c">
         <name>.text:IntVTableBaseSet</name>
         <load_address>0x200070c4</load_address>
         <run_address>0x200070c4</run_address>
         <size>0x14</size>
         <input_file_ref idref="fl-e9"/>
      </object_component>
      <object_component id="oc-1ce">
         <name>.text</name>
         <load_address>0x200070d8</load_address>
         <run_address>0x200070d8</run_address>
         <size>0x14</size>
         <input_file_ref idref="fl-d2"/>
      </object_component>
      <object_component id="oc-213">
         <name>.text:TimerIntClear</name>
         <load_address>0x200070ec</load_address>
         <run_address>0x200070ec</run_address>
         <size>0x12</size>
         <input_file_ref idref="fl-ed"/>
      </object_component>
      <object_component id="oc-114">
         <name>.text:UARTIntClear</name>
         <load_address>0x200070fe</load_address>
         <run_address>0x200070fe</run_address>
         <size>0x12</size>
         <input_file_ref idref="fl-ee"/>
      </object_component>
      <object_component id="oc-18">
         <name>.text:decompress:none</name>
         <load_address>0x20007110</load_address>
         <run_address>0x20007110</run_address>
         <size>0xe</size>
         <input_file_ref idref="fl-c5"/>
      </object_component>
      <object_component id="oc-2d">
         <name>.text</name>
         <load_address>0x2000711e</load_address>
         <run_address>0x2000711e</run_address>
         <size>0xe</size>
         <input_file_ref idref="fl-6"/>
      </object_component>
      <object_component id="oc-1e">
         <name>.text:decompress:ZI</name>
         <load_address>0x2000712c</load_address>
         <run_address>0x2000712c</run_address>
         <size>0xc</size>
         <input_file_ref idref="fl-c6"/>
      </object_component>
      <object_component id="oc-142">
         <name>.text:IntMasterEnable</name>
         <load_address>0x20007138</load_address>
         <run_address>0x20007138</run_address>
         <size>0xa</size>
         <input_file_ref idref="fl-e9"/>
      </object_component>
      <object_component id="oc-344">
         <name>.text:UtilsDelay</name>
         <load_address>0x20007142</load_address>
         <run_address>0x20007142</run_address>
         <size>0x6</size>
         <input_file_ref idref="fl-ef"/>
      </object_component>
      <object_component id="oc-5f">
         <name>.text</name>
         <load_address>0x20007148</load_address>
         <run_address>0x20007148</run_address>
         <size>0x4</size>
         <input_file_ref idref="fl-ce"/>
      </object_component>
      <object_component id="oc-25c">
         <name>.const:.string:font</name>
         <load_address>0x2000714c</load_address>
         <run_address>0x2000714c</run_address>
         <size>0x4fb</size>
         <input_file_ref idref="fl-2"/>
      </object_component>
      <object_component id="oc-348">
         <name>.const:g_ulPinToPadMap</name>
         <load_address>0x20007648</load_address>
         <run_address>0x20007648</run_address>
         <size>0x100</size>
         <input_file_ref idref="fl-ea"/>
      </object_component>
      <object_component id="oc-301">
         <name>.const:g_pulRegs</name>
         <load_address>0x20007748</load_address>
         <run_address>0x20007748</run_address>
         <size>0xd4</size>
         <input_file_ref idref="fl-e9"/>
      </object_component>
      <object_component id="oc-2e1">
         <name>.const:PRCM_PeriphRegsList</name>
         <load_address>0x2000781c</load_address>
         <run_address>0x2000781c</run_address>
         <size>0xa8</size>
         <input_file_ref idref="fl-eb"/>
      </object_component>
      <object_component id="oc-280">
         <name>.const</name>
         <load_address>0x200078c4</load_address>
         <run_address>0x200078c4</run_address>
         <size>0x80</size>
         <input_file_ref idref="fl-e9"/>
      </object_component>
      <object_component id="oc-364">
         <name>.const</name>
         <load_address>0x20007944</load_address>
         <run_address>0x20007944</run_address>
         <size>0x10</size>
         <input_file_ref idref="fl-ee"/>
      </object_component>
      <object_component id="oc-3a7">
         <name>.cinit..data.load</name>
         <load_address>0x20007958</load_address>
         <run_address>0x20007958</run_address>
         <size>0xa6</size>
      </object_component>
      <object_component id="oc-3a5">
         <name>__TI_handler_table</name>
         <load_address>0x20007a00</load_address>
         <run_address>0x20007a00</run_address>
         <size>0xc</size>
      </object_component>
      <object_component id="oc-3a8">
         <name>.cinit..bss.load</name>
         <load_address>0x20007a10</load_address>
         <run_address>0x20007a10</run_address>
         <size>0x8</size>
      </object_component>
      <object_component id="oc-3a6">
         <name>__TI_cinit_table</name>
         <load_address>0x20007a18</load_address>
         <run_address>0x20007a18</run_address>
         <size>0x10</size>
      </object_component>
      <object_component id="oc-25f">
         <name>.data</name>
         <load_address>0x2001e248</load_address>
         <run_address>0x2001e248</run_address>
         <size>0x15</size>
         <input_file_ref idref="fl-2"/>
      </object_component>
      <object_component id="oc-126">
         <name>.data</name>
         <load_address>0x2001e080</load_address>
         <run_address>0x2001e080</run_address>
         <size>0x38</size>
         <input_file_ref idref="fl-4"/>
      </object_component>
      <object_component id="oc-172">
         <name>.data:alpha</name>
         <load_address>0x2001e22c</load_address>
         <run_address>0x2001e22c</run_address>
         <size>0x1b</size>
         <input_file_ref idref="fl-4"/>
      </object_component>
      <object_component id="oc-136">
         <name>.data:zero</name>
         <load_address>0x2001e20d</load_address>
         <run_address>0x2001e20d</run_address>
         <size>0x1f</size>
         <input_file_ref idref="fl-4"/>
      </object_component>
      <object_component id="oc-139">
         <name>.data:one</name>
         <load_address>0x2001e153</load_address>
         <run_address>0x2001e153</run_address>
         <size>0x1f</size>
         <input_file_ref idref="fl-4"/>
      </object_component>
      <object_component id="oc-154">
         <name>.data:two</name>
         <load_address>0x2001e1cf</load_address>
         <run_address>0x2001e1cf</run_address>
         <size>0x1f</size>
         <input_file_ref idref="fl-4"/>
      </object_component>
      <object_component id="oc-157">
         <name>.data:three</name>
         <load_address>0x2001e1b0</load_address>
         <run_address>0x2001e1b0</run_address>
         <size>0x1f</size>
         <input_file_ref idref="fl-4"/>
      </object_component>
      <object_component id="oc-15a">
         <name>.data:four</name>
         <load_address>0x2001e115</load_address>
         <run_address>0x2001e115</run_address>
         <size>0x1f</size>
         <input_file_ref idref="fl-4"/>
      </object_component>
      <object_component id="oc-15d">
         <name>.data:five</name>
         <load_address>0x2001e0f6</load_address>
         <run_address>0x2001e0f6</run_address>
         <size>0x1f</size>
         <input_file_ref idref="fl-4"/>
      </object_component>
      <object_component id="oc-160">
         <name>.data:six</name>
         <load_address>0x2001e191</load_address>
         <run_address>0x2001e191</run_address>
         <size>0x1f</size>
         <input_file_ref idref="fl-4"/>
      </object_component>
      <object_component id="oc-163">
         <name>.data:seven</name>
         <load_address>0x2001e172</load_address>
         <run_address>0x2001e172</run_address>
         <size>0x1f</size>
         <input_file_ref idref="fl-4"/>
      </object_component>
      <object_component id="oc-166">
         <name>.data:eight</name>
         <load_address>0x2001e0b8</load_address>
         <run_address>0x2001e0b8</run_address>
         <size>0x1f</size>
         <input_file_ref idref="fl-4"/>
      </object_component>
      <object_component id="oc-169">
         <name>.data:nine</name>
         <load_address>0x2001e134</load_address>
         <run_address>0x2001e134</run_address>
         <size>0x1f</size>
         <input_file_ref idref="fl-4"/>
      </object_component>
      <object_component id="oc-16c">
         <name>.data:enter</name>
         <load_address>0x2001e0d7</load_address>
         <run_address>0x2001e0d7</run_address>
         <size>0x1f</size>
         <input_file_ref idref="fl-4"/>
      </object_component>
      <object_component id="oc-16f">
         <name>.data:vol</name>
         <load_address>0x2001e1ee</load_address>
         <run_address>0x2001e1ee</run_address>
         <size>0x1f</size>
         <input_file_ref idref="fl-4"/>
      </object_component>
      <object_component id="oc-b0">
         <name>.data:$O1$$</name>
         <load_address>0x2001e260</load_address>
         <run_address>0x2001e260</run_address>
         <size>0xc</size>
         <input_file_ref idref="fl-c7"/>
      </object_component>
      <object_component id="oc-77">
         <name>.data</name>
         <load_address>0x2001e274</load_address>
         <run_address>0x2001e274</run_address>
         <size>0x4</size>
         <input_file_ref idref="fl-cf"/>
      </object_component>
      <object_component id="oc-b3">
         <name>.data:$O1$$</name>
         <load_address>0x2001e26c</load_address>
         <run_address>0x2001e26c</run_address>
         <size>0x8</size>
         <input_file_ref idref="fl-d2"/>
      </object_component>
      <object_component id="oc-129">
         <name>.bss</name>
         <uninitialized>true</uninitialized>
         <run_address>0x2001d870</run_address>
         <size>0x8</size>
         <input_file_ref idref="fl-4"/>
      </object_component>
      <object_component id="oc-12c">
         <name>.common:signalBuff</name>
         <uninitialized>true</uninitialized>
         <run_address>0x2001d7d0</run_address>
         <size>0xa0</size>
      </object_component>
      <object_component id="oc-12f">
         <name>.common:index</name>
         <uninitialized>true</uninitialized>
         <run_address>0x2001d878</run_address>
         <size>0x4</size>
      </object_component>
      <object_component id="oc-1c3">
         <name>.common:str</name>
         <uninitialized>true</uninitialized>
         <run_address>0x2001d000</run_address>
         <size>0x7d0</size>
      </object_component>
      <object_component id="oc-2a">
         <name>.sysmem</name>
         <uninitialized>true</uninitialized>
         <run_address>0x2001d880</run_address>
         <size>0x8</size>
         <input_file_ref idref="fl-cb"/>
      </object_component>
      <object_component id="oc-3aa">
         <name>.sysmem</name>
         <uninitialized>true</uninitialized>
         <run_address>0x2001d880</run_address>
         <size>0x0</size>
      </object_component>
      <object_component id="oc-29">
         <name>.stack</name>
         <uninitialized>true</uninitialized>
         <run_address>0x2003f800</run_address>
         <size>0x0</size>
         <input_file_ref idref="fl-c3"/>
      </object_component>
      <object_component id="oc-3a9">
         <name>.stack</name>
         <uninitialized>true</uninitialized>
         <run_address>0x2003f800</run_address>
         <size>0x0</size>
      </object_component>
      <object_component id="oc-263">
         <name>.debug_info</name>
         <load_address>0x0</load_address>
         <run_address>0x0</run_address>
         <size>0x231</size>
         <input_file_ref idref="fl-2"/>
      </object_component>
      <object_component id="oc-25d">
         <name>.debug_info</name>
         <load_address>0x231</load_address>
         <run_address>0x231</run_address>
         <size>0xca</size>
         <input_file_ref idref="fl-2"/>
      </object_component>
      <object_component id="oc-260">
         <name>.debug_info</name>
         <load_address>0x2fb</load_address>
         <run_address>0x2fb</run_address>
         <size>0x178</size>
         <input_file_ref idref="fl-2"/>
      </object_component>
      <object_component id="oc-109">
         <name>.debug_info</name>
         <load_address>0x473</load_address>
         <run_address>0x473</run_address>
         <size>0x14d4</size>
         <input_file_ref idref="fl-2"/>
      </object_component>
      <object_component id="oc-3c">
         <name>.debug_info</name>
         <load_address>0x1947</load_address>
         <run_address>0x1947</run_address>
         <size>0x84</size>
         <input_file_ref idref="fl-2"/>
      </object_component>
      <object_component id="oc-25b">
         <name>.debug_info</name>
         <load_address>0x19cb</load_address>
         <run_address>0x19cb</run_address>
         <size>0x221</size>
         <input_file_ref idref="fl-3"/>
      </object_component>
      <object_component id="oc-103">
         <name>.debug_info</name>
         <load_address>0x1bec</load_address>
         <run_address>0x1bec</run_address>
         <size>0xe2c</size>
         <input_file_ref idref="fl-3"/>
      </object_component>
      <object_component id="oc-35e">
         <name>.debug_info</name>
         <load_address>0x2a18</load_address>
         <run_address>0x2a18</run_address>
         <size>0x62</size>
         <input_file_ref idref="fl-3"/>
      </object_component>
      <object_component id="oc-1e7">
         <name>.debug_info</name>
         <load_address>0x2a7a</load_address>
         <run_address>0x2a7a</run_address>
         <size>0x2c</size>
         <input_file_ref idref="fl-3"/>
      </object_component>
      <object_component id="oc-91">
         <name>.debug_info</name>
         <load_address>0x2aa6</load_address>
         <run_address>0x2aa6</run_address>
         <size>0x2c</size>
         <input_file_ref idref="fl-3"/>
      </object_component>
      <object_component id="oc-12d">
         <name>.debug_info</name>
         <load_address>0x2ad2</load_address>
         <run_address>0x2ad2</run_address>
         <size>0x9d7</size>
         <input_file_ref idref="fl-4"/>
      </object_component>
      <object_component id="oc-12a">
         <name>.debug_info</name>
         <load_address>0x34a9</load_address>
         <run_address>0x34a9</run_address>
         <size>0xf0</size>
         <input_file_ref idref="fl-4"/>
      </object_component>
      <object_component id="oc-127">
         <name>.debug_info</name>
         <load_address>0x3599</load_address>
         <run_address>0x3599</run_address>
         <size>0x22c</size>
         <input_file_ref idref="fl-4"/>
      </object_component>
      <object_component id="oc-173">
         <name>.debug_info</name>
         <load_address>0x37c5</load_address>
         <run_address>0x37c5</run_address>
         <size>0xc5</size>
         <input_file_ref idref="fl-4"/>
      </object_component>
      <object_component id="oc-137">
         <name>.debug_info</name>
         <load_address>0x388a</load_address>
         <run_address>0x388a</run_address>
         <size>0xc3</size>
         <input_file_ref idref="fl-4"/>
      </object_component>
      <object_component id="oc-13a">
         <name>.debug_info</name>
         <load_address>0x394d</load_address>
         <run_address>0x394d</run_address>
         <size>0xc1</size>
         <input_file_ref idref="fl-4"/>
      </object_component>
      <object_component id="oc-155">
         <name>.debug_info</name>
         <load_address>0x3a0e</load_address>
         <run_address>0x3a0e</run_address>
         <size>0xc1</size>
         <input_file_ref idref="fl-4"/>
      </object_component>
      <object_component id="oc-158">
         <name>.debug_info</name>
         <load_address>0x3acf</load_address>
         <run_address>0x3acf</run_address>
         <size>0xc5</size>
         <input_file_ref idref="fl-4"/>
      </object_component>
      <object_component id="oc-15b">
         <name>.debug_info</name>
         <load_address>0x3b94</load_address>
         <run_address>0x3b94</run_address>
         <size>0xc3</size>
         <input_file_ref idref="fl-4"/>
      </object_component>
      <object_component id="oc-15e">
         <name>.debug_info</name>
         <load_address>0x3c57</load_address>
         <run_address>0x3c57</run_address>
         <size>0xc3</size>
         <input_file_ref idref="fl-4"/>
      </object_component>
      <object_component id="oc-161">
         <name>.debug_info</name>
         <load_address>0x3d1a</load_address>
         <run_address>0x3d1a</run_address>
         <size>0xc1</size>
         <input_file_ref idref="fl-4"/>
      </object_component>
      <object_component id="oc-164">
         <name>.debug_info</name>
         <load_address>0x3ddb</load_address>
         <run_address>0x3ddb</run_address>
         <size>0xc5</size>
         <input_file_ref idref="fl-4"/>
      </object_component>
      <object_component id="oc-167">
         <name>.debug_info</name>
         <load_address>0x3ea0</load_address>
         <run_address>0x3ea0</run_address>
         <size>0xc5</size>
         <input_file_ref idref="fl-4"/>
      </object_component>
      <object_component id="oc-16a">
         <name>.debug_info</name>
         <load_address>0x3f65</load_address>
         <run_address>0x3f65</run_address>
         <size>0xc3</size>
         <input_file_ref idref="fl-4"/>
      </object_component>
      <object_component id="oc-16d">
         <name>.debug_info</name>
         <load_address>0x4028</load_address>
         <run_address>0x4028</run_address>
         <size>0xc5</size>
         <input_file_ref idref="fl-4"/>
      </object_component>
      <object_component id="oc-170">
         <name>.debug_info</name>
         <load_address>0x40ed</load_address>
         <run_address>0x40ed</run_address>
         <size>0xc1</size>
         <input_file_ref idref="fl-4"/>
      </object_component>
      <object_component id="oc-a9">
         <name>.debug_info</name>
         <load_address>0x41ae</load_address>
         <run_address>0x41ae</run_address>
         <size>0xc18</size>
         <input_file_ref idref="fl-4"/>
      </object_component>
      <object_component id="oc-26e">
         <name>.debug_info</name>
         <load_address>0x4dc6</load_address>
         <run_address>0x4dc6</run_address>
         <size>0xc8</size>
         <input_file_ref idref="fl-4"/>
      </object_component>
      <object_component id="oc-176">
         <name>.debug_info</name>
         <load_address>0x4e8e</load_address>
         <run_address>0x4e8e</run_address>
         <size>0x3a5</size>
         <input_file_ref idref="fl-5"/>
      </object_component>
      <object_component id="oc-35">
         <name>.debug_info</name>
         <load_address>0x5233</load_address>
         <run_address>0x5233</run_address>
         <size>0x188</size>
         <input_file_ref idref="fl-6"/>
      </object_component>
      <object_component id="oc-10">
         <name>.debug_info</name>
         <load_address>0x53bb</load_address>
         <run_address>0x53bb</run_address>
         <size>0x107</size>
         <input_file_ref idref="fl-6"/>
      </object_component>
      <object_component id="oc-2e">
         <name>.debug_info</name>
         <load_address>0x54c2</load_address>
         <run_address>0x54c2</run_address>
         <size>0x428</size>
         <input_file_ref idref="fl-6"/>
      </object_component>
      <object_component id="oc-23e">
         <name>.debug_info</name>
         <load_address>0x58ea</load_address>
         <run_address>0x58ea</run_address>
         <size>0x44d</size>
         <input_file_ref idref="fl-7"/>
      </object_component>
      <object_component id="oc-f1">
         <name>.debug_info</name>
         <load_address>0x5d37</load_address>
         <run_address>0x5d37</run_address>
         <size>0x9fd</size>
         <input_file_ref idref="fl-7"/>
      </object_component>
      <object_component id="oc-26">
         <name>.debug_info</name>
         <load_address>0x6734</load_address>
         <run_address>0x6734</run_address>
         <size>0x160</size>
         <input_file_ref idref="fl-c3"/>
      </object_component>
      <object_component id="oc-87">
         <name>.debug_info</name>
         <load_address>0x6894</load_address>
         <run_address>0x6894</run_address>
         <size>0x165</size>
         <input_file_ref idref="fl-c4"/>
      </object_component>
      <object_component id="oc-13">
         <name>.debug_info</name>
         <load_address>0x69f9</load_address>
         <run_address>0x69f9</run_address>
         <size>0x245</size>
         <input_file_ref idref="fl-c4"/>
      </object_component>
      <object_component id="oc-37">
         <name>.debug_info</name>
         <load_address>0x6c3e</load_address>
         <run_address>0x6c3e</run_address>
         <size>0x60</size>
         <input_file_ref idref="fl-c4"/>
      </object_component>
      <object_component id="oc-82">
         <name>.debug_info</name>
         <load_address>0x6c9e</load_address>
         <run_address>0x6c9e</run_address>
         <size>0x46</size>
         <input_file_ref idref="fl-c4"/>
      </object_component>
      <object_component id="oc-4c">
         <name>.debug_info</name>
         <load_address>0x6ce4</load_address>
         <run_address>0x6ce4</run_address>
         <size>0x1ac</size>
         <input_file_ref idref="fl-c5"/>
      </object_component>
      <object_component id="oc-1c">
         <name>.debug_info</name>
         <load_address>0x6e90</load_address>
         <run_address>0x6e90</run_address>
         <size>0x1df</size>
         <input_file_ref idref="fl-c5"/>
      </object_component>
      <object_component id="oc-47">
         <name>.debug_info</name>
         <load_address>0x706f</load_address>
         <run_address>0x706f</run_address>
         <size>0x46</size>
         <input_file_ref idref="fl-c5"/>
      </object_component>
      <object_component id="oc-89">
         <name>.debug_info</name>
         <load_address>0x70b5</load_address>
         <run_address>0x70b5</run_address>
         <size>0x2c</size>
         <input_file_ref idref="fl-c5"/>
      </object_component>
      <object_component id="oc-58">
         <name>.debug_info</name>
         <load_address>0x70e1</load_address>
         <run_address>0x70e1</run_address>
         <size>0x19b</size>
         <input_file_ref idref="fl-c6"/>
      </object_component>
      <object_component id="oc-22">
         <name>.debug_info</name>
         <load_address>0x727c</load_address>
         <run_address>0x727c</run_address>
         <size>0x1aa</size>
         <input_file_ref idref="fl-c6"/>
      </object_component>
      <object_component id="oc-53">
         <name>.debug_info</name>
         <load_address>0x7426</load_address>
         <run_address>0x7426</run_address>
         <size>0x46</size>
         <input_file_ref idref="fl-c6"/>
      </object_component>
      <object_component id="oc-b7">
         <name>.debug_info</name>
         <load_address>0x746c</load_address>
         <run_address>0x746c</run_address>
         <size>0x2a0</size>
         <input_file_ref idref="fl-c7"/>
      </object_component>
      <object_component id="oc-b1">
         <name>.debug_info</name>
         <load_address>0x770c</load_address>
         <run_address>0x770c</run_address>
         <size>0x185</size>
         <input_file_ref idref="fl-c7"/>
      </object_component>
      <object_component id="oc-74">
         <name>.debug_info</name>
         <load_address>0x7891</load_address>
         <run_address>0x7891</run_address>
         <size>0x214</size>
         <input_file_ref idref="fl-c7"/>
      </object_component>
      <object_component id="oc-241">
         <name>.debug_info</name>
         <load_address>0x7aa5</load_address>
         <run_address>0x7aa5</run_address>
         <size>0x161</size>
         <input_file_ref idref="fl-c8"/>
      </object_component>
      <object_component id="oc-fe">
         <name>.debug_info</name>
         <load_address>0x7c06</load_address>
         <run_address>0x7c06</run_address>
         <size>0x277</size>
         <input_file_ref idref="fl-c8"/>
      </object_component>
      <object_component id="oc-44">
         <name>.debug_info</name>
         <load_address>0x7e7d</load_address>
         <run_address>0x7e7d</run_address>
         <size>0x111</size>
         <input_file_ref idref="fl-c9"/>
      </object_component>
      <object_component id="oc-7d">
         <name>.debug_info</name>
         <load_address>0x7f8e</load_address>
         <run_address>0x7f8e</run_address>
         <size>0x28e</size>
         <input_file_ref idref="fl-cb"/>
      </object_component>
      <object_component id="oc-2b">
         <name>.debug_info</name>
         <load_address>0x821c</load_address>
         <run_address>0x821c</run_address>
         <size>0x101</size>
         <input_file_ref idref="fl-cb"/>
      </object_component>
      <object_component id="oc-bd">
         <name>.debug_info</name>
         <load_address>0x831d</load_address>
         <run_address>0x831d</run_address>
         <size>0x2c</size>
         <input_file_ref idref="fl-cb"/>
      </object_component>
      <object_component id="oc-c2">
         <name>.debug_info</name>
         <load_address>0x8349</load_address>
         <run_address>0x8349</run_address>
         <size>0x62</size>
         <input_file_ref idref="fl-cb"/>
      </object_component>
      <object_component id="oc-50">
         <name>.debug_info</name>
         <load_address>0x83ab</load_address>
         <run_address>0x83ab</run_address>
         <size>0x13f</size>
         <input_file_ref idref="fl-cc"/>
      </object_component>
      <object_component id="oc-5d">
         <name>.debug_info</name>
         <load_address>0x84ea</load_address>
         <run_address>0x84ea</run_address>
         <size>0x138</size>
         <input_file_ref idref="fl-cd"/>
      </object_component>
      <object_component id="oc-63">
         <name>.debug_info</name>
         <load_address>0x8622</load_address>
         <run_address>0x8622</run_address>
         <size>0x148</size>
         <input_file_ref idref="fl-ce"/>
      </object_component>
      <object_component id="oc-78">
         <name>.debug_info</name>
         <load_address>0x876a</load_address>
         <run_address>0x876a</run_address>
         <size>0x109</size>
         <input_file_ref idref="fl-cf"/>
      </object_component>
      <object_component id="oc-1d6">
         <name>.debug_info</name>
         <load_address>0x8873</load_address>
         <run_address>0x8873</run_address>
         <size>0x190</size>
         <input_file_ref idref="fl-d2"/>
      </object_component>
      <object_component id="oc-b4">
         <name>.debug_info</name>
         <load_address>0x8a03</load_address>
         <run_address>0x8a03</run_address>
         <size>0x113</size>
         <input_file_ref idref="fl-d2"/>
      </object_component>
      <object_component id="oc-1cf">
         <name>.debug_info</name>
         <load_address>0x8b16</load_address>
         <run_address>0x8b16</run_address>
         <size>0x21f</size>
         <input_file_ref idref="fl-d2"/>
      </object_component>
      <object_component id="oc-af">
         <name>.debug_info</name>
         <load_address>0x8d35</load_address>
         <run_address>0x8d35</run_address>
         <size>0x1d2</size>
         <input_file_ref idref="fl-d4"/>
      </object_component>
      <object_component id="oc-6c">
         <name>.debug_info</name>
         <load_address>0x8f07</load_address>
         <run_address>0x8f07</run_address>
         <size>0x167</size>
         <input_file_ref idref="fl-d4"/>
      </object_component>
      <object_component id="oc-1c7">
         <name>.debug_info</name>
         <load_address>0x906e</load_address>
         <run_address>0x906e</run_address>
         <size>0x5e</size>
         <input_file_ref idref="fl-d4"/>
      </object_component>
      <object_component id="oc-a7">
         <name>.debug_info</name>
         <load_address>0x90cc</load_address>
         <run_address>0x90cc</run_address>
         <size>0x355</size>
         <input_file_ref idref="fl-d6"/>
      </object_component>
      <object_component id="oc-66">
         <name>.debug_info</name>
         <load_address>0x9421</load_address>
         <run_address>0x9421</run_address>
         <size>0x190</size>
         <input_file_ref idref="fl-d6"/>
      </object_component>
      <object_component id="oc-ce">
         <name>.debug_info</name>
         <load_address>0x95b1</load_address>
         <run_address>0x95b1</run_address>
         <size>0x39</size>
         <input_file_ref idref="fl-d6"/>
      </object_component>
      <object_component id="oc-1e1">
         <name>.debug_info</name>
         <load_address>0x95ea</load_address>
         <run_address>0x95ea</run_address>
         <size>0x39</size>
         <input_file_ref idref="fl-d6"/>
      </object_component>
      <object_component id="oc-d3">
         <name>.debug_info</name>
         <load_address>0x9623</load_address>
         <run_address>0x9623</run_address>
         <size>0xcd</size>
         <input_file_ref idref="fl-d6"/>
      </object_component>
      <object_component id="oc-ca">
         <name>.debug_info</name>
         <load_address>0x96f0</load_address>
         <run_address>0x96f0</run_address>
         <size>0x24c</size>
         <input_file_ref idref="fl-d7"/>
      </object_component>
      <object_component id="oc-9c">
         <name>.debug_info</name>
         <load_address>0x993c</load_address>
         <run_address>0x993c</run_address>
         <size>0x183</size>
         <input_file_ref idref="fl-d7"/>
      </object_component>
      <object_component id="oc-1dc">
         <name>.debug_info</name>
         <load_address>0x9abf</load_address>
         <run_address>0x9abf</run_address>
         <size>0x2c</size>
         <input_file_ref idref="fl-d7"/>
      </object_component>
      <object_component id="oc-a3">
         <name>.debug_info</name>
         <load_address>0x9aeb</load_address>
         <run_address>0x9aeb</run_address>
         <size>0x145</size>
         <input_file_ref idref="fl-e3"/>
      </object_component>
      <object_component id="oc-2df">
         <name>.debug_info</name>
         <load_address>0x9c30</load_address>
         <run_address>0x9c30</run_address>
         <size>0x17a</size>
         <input_file_ref idref="fl-e8"/>
      </object_component>
      <object_component id="oc-2d3">
         <name>.debug_info</name>
         <load_address>0x9daa</load_address>
         <run_address>0x9daa</run_address>
         <size>0x1aa</size>
         <input_file_ref idref="fl-e8"/>
      </object_component>
      <object_component id="oc-2c0">
         <name>.debug_info</name>
         <load_address>0x9f54</load_address>
         <run_address>0x9f54</run_address>
         <size>0x1e9</size>
         <input_file_ref idref="fl-e8"/>
      </object_component>
      <object_component id="oc-182">
         <name>.debug_info</name>
         <load_address>0xa13d</load_address>
         <run_address>0xa13d</run_address>
         <size>0x1f4</size>
         <input_file_ref idref="fl-e8"/>
      </object_component>
      <object_component id="oc-f7">
         <name>.debug_info</name>
         <load_address>0xa331</load_address>
         <run_address>0xa331</run_address>
         <size>0x1cb</size>
         <input_file_ref idref="fl-e8"/>
      </object_component>
      <object_component id="oc-e5">
         <name>.debug_info</name>
         <load_address>0xa4fc</load_address>
         <run_address>0xa4fc</run_address>
         <size>0x1cd</size>
         <input_file_ref idref="fl-e8"/>
      </object_component>
      <object_component id="oc-d9">
         <name>.debug_info</name>
         <load_address>0xa6c9</load_address>
         <run_address>0xa6c9</run_address>
         <size>0x1c3</size>
         <input_file_ref idref="fl-e8"/>
      </object_component>
      <object_component id="oc-df">
         <name>.debug_info</name>
         <load_address>0xa88c</load_address>
         <run_address>0xa88c</run_address>
         <size>0x1c9</size>
         <input_file_ref idref="fl-e8"/>
      </object_component>
      <object_component id="oc-17c">
         <name>.debug_info</name>
         <load_address>0xaa55</load_address>
         <run_address>0xaa55</run_address>
         <size>0x214</size>
         <input_file_ref idref="fl-e8"/>
      </object_component>
      <object_component id="oc-eb">
         <name>.debug_info</name>
         <load_address>0xac69</load_address>
         <run_address>0xac69</run_address>
         <size>0x1bb</size>
         <input_file_ref idref="fl-e8"/>
      </object_component>
      <object_component id="oc-249">
         <name>.debug_info</name>
         <load_address>0xae24</load_address>
         <run_address>0xae24</run_address>
         <size>0x1e0</size>
         <input_file_ref idref="fl-e8"/>
      </object_component>
      <object_component id="oc-342">
         <name>.debug_info</name>
         <load_address>0xb004</load_address>
         <run_address>0xb004</run_address>
         <size>0x19b</size>
         <input_file_ref idref="fl-e9"/>
      </object_component>
      <object_component id="oc-281">
         <name>.debug_info</name>
         <load_address>0xb19f</load_address>
         <run_address>0xb19f</run_address>
         <size>0x19e</size>
         <input_file_ref idref="fl-e9"/>
      </object_component>
      <object_component id="oc-302">
         <name>.debug_info</name>
         <load_address>0xb33d</load_address>
         <run_address>0xb33d</run_address>
         <size>0xf0</size>
         <input_file_ref idref="fl-e9"/>
      </object_component>
      <object_component id="oc-373">
         <name>.debug_info</name>
         <load_address>0xb42d</load_address>
         <run_address>0xb42d</run_address>
         <size>0x16d</size>
         <input_file_ref idref="fl-e9"/>
      </object_component>
      <object_component id="oc-146">
         <name>.debug_info</name>
         <load_address>0xb59a</load_address>
         <run_address>0xb59a</run_address>
         <size>0x188</size>
         <input_file_ref idref="fl-e9"/>
      </object_component>
      <object_component id="oc-13f">
         <name>.debug_info</name>
         <load_address>0xb722</load_address>
         <run_address>0xb722</run_address>
         <size>0x1ba</size>
         <input_file_ref idref="fl-e9"/>
      </object_component>
      <object_component id="oc-2db">
         <name>.debug_info</name>
         <load_address>0xb8dc</load_address>
         <run_address>0xb8dc</run_address>
         <size>0x204</size>
         <input_file_ref idref="fl-e9"/>
      </object_component>
      <object_component id="oc-317">
         <name>.debug_info</name>
         <load_address>0xbae0</load_address>
         <run_address>0xbae0</run_address>
         <size>0x1cf</size>
         <input_file_ref idref="fl-e9"/>
      </object_component>
      <object_component id="oc-1ff">
         <name>.debug_info</name>
         <load_address>0xbcaf</load_address>
         <run_address>0xbcaf</run_address>
         <size>0x206</size>
         <input_file_ref idref="fl-e9"/>
      </object_component>
      <object_component id="oc-14c">
         <name>.debug_info</name>
         <load_address>0xbeb5</load_address>
         <run_address>0xbeb5</run_address>
         <size>0x1ab</size>
         <input_file_ref idref="fl-e9"/>
      </object_component>
      <object_component id="oc-312">
         <name>.debug_info</name>
         <load_address>0xc060</load_address>
         <run_address>0xc060</run_address>
         <size>0x1ad</size>
         <input_file_ref idref="fl-e9"/>
      </object_component>
      <object_component id="oc-37f">
         <name>.debug_info</name>
         <load_address>0xc20d</load_address>
         <run_address>0xc20d</run_address>
         <size>0xe8</size>
         <input_file_ref idref="fl-ea"/>
      </object_component>
      <object_component id="oc-349">
         <name>.debug_info</name>
         <load_address>0xc2f5</load_address>
         <run_address>0xc2f5</run_address>
         <size>0xf6</size>
         <input_file_ref idref="fl-ea"/>
      </object_component>
      <object_component id="oc-2b4">
         <name>.debug_info</name>
         <load_address>0xc3eb</load_address>
         <run_address>0xc3eb</run_address>
         <size>0x1cb</size>
         <input_file_ref idref="fl-ea"/>
      </object_component>
      <object_component id="oc-34d">
         <name>.debug_info</name>
         <load_address>0xc5b6</load_address>
         <run_address>0xc5b6</run_address>
         <size>0x219</size>
         <input_file_ref idref="fl-ea"/>
      </object_component>
      <object_component id="oc-2cc">
         <name>.debug_info</name>
         <load_address>0xc7cf</load_address>
         <run_address>0xc7cf</run_address>
         <size>0x1e0</size>
         <input_file_ref idref="fl-ea"/>
      </object_component>
      <object_component id="oc-2c6">
         <name>.debug_info</name>
         <load_address>0xc9af</load_address>
         <run_address>0xc9af</run_address>
         <size>0x1de</size>
         <input_file_ref idref="fl-ea"/>
      </object_component>
      <object_component id="oc-2ba">
         <name>.debug_info</name>
         <load_address>0xcb8d</load_address>
         <run_address>0xcb8d</run_address>
         <size>0x22e</size>
         <input_file_ref idref="fl-ea"/>
      </object_component>
      <object_component id="oc-2e6">
         <name>.debug_info</name>
         <load_address>0xcdbb</load_address>
         <run_address>0xcdbb</run_address>
         <size>0x1f8</size>
         <input_file_ref idref="fl-eb"/>
      </object_component>
      <object_component id="oc-2e2">
         <name>.debug_info</name>
         <load_address>0xcfb3</load_address>
         <run_address>0xcfb3</run_address>
         <size>0xff</size>
         <input_file_ref idref="fl-eb"/>
      </object_component>
      <object_component id="oc-286">
         <name>.debug_info</name>
         <load_address>0xd0b2</load_address>
         <run_address>0xd0b2</run_address>
         <size>0x1b2</size>
         <input_file_ref idref="fl-eb"/>
      </object_component>
      <object_component id="oc-189">
         <name>.debug_info</name>
         <load_address>0xd264</load_address>
         <run_address>0xd264</run_address>
         <size>0x1f7</size>
         <input_file_ref idref="fl-eb"/>
      </object_component>
      <object_component id="oc-298">
         <name>.debug_info</name>
         <load_address>0xd45b</load_address>
         <run_address>0xd45b</run_address>
         <size>0x1f9</size>
         <input_file_ref idref="fl-eb"/>
      </object_component>
      <object_component id="oc-19b">
         <name>.debug_info</name>
         <load_address>0xd654</load_address>
         <run_address>0xd654</run_address>
         <size>0x222</size>
         <input_file_ref idref="fl-eb"/>
      </object_component>
      <object_component id="oc-18f">
         <name>.debug_info</name>
         <load_address>0xd876</load_address>
         <run_address>0xd876</run_address>
         <size>0x1cc</size>
         <input_file_ref idref="fl-eb"/>
      </object_component>
      <object_component id="oc-150">
         <name>.debug_info</name>
         <load_address>0xda42</load_address>
         <run_address>0xda42</run_address>
         <size>0x28f</size>
         <input_file_ref idref="fl-eb"/>
      </object_component>
      <object_component id="oc-28c">
         <name>.debug_info</name>
         <load_address>0xdcd1</load_address>
         <run_address>0xdcd1</run_address>
         <size>0x1cb</size>
         <input_file_ref idref="fl-eb"/>
      </object_component>
      <object_component id="oc-292">
         <name>.debug_info</name>
         <load_address>0xde9c</load_address>
         <run_address>0xde9c</run_address>
         <size>0x1e0</size>
         <input_file_ref idref="fl-eb"/>
      </object_component>
      <object_component id="oc-335">
         <name>.debug_info</name>
         <load_address>0xe07c</load_address>
         <run_address>0xe07c</run_address>
         <size>0x1cc</size>
         <input_file_ref idref="fl-ec"/>
      </object_component>
      <object_component id="oc-323">
         <name>.debug_info</name>
         <load_address>0xe248</load_address>
         <run_address>0xe248</run_address>
         <size>0x2e8</size>
         <input_file_ref idref="fl-ec"/>
      </object_component>
      <object_component id="oc-329">
         <name>.debug_info</name>
         <load_address>0xe530</load_address>
         <run_address>0xe530</run_address>
         <size>0x2eb</size>
         <input_file_ref idref="fl-ec"/>
      </object_component>
      <object_component id="oc-32f">
         <name>.debug_info</name>
         <load_address>0xe81b</load_address>
         <run_address>0xe81b</run_address>
         <size>0x2ed</size>
         <input_file_ref idref="fl-ec"/>
      </object_component>
      <object_component id="oc-1a6">
         <name>.debug_info</name>
         <load_address>0xeb08</load_address>
         <run_address>0xeb08</run_address>
         <size>0x185</size>
         <input_file_ref idref="fl-ec"/>
      </object_component>
      <object_component id="oc-194">
         <name>.debug_info</name>
         <load_address>0xec8d</load_address>
         <run_address>0xec8d</run_address>
         <size>0x183</size>
         <input_file_ref idref="fl-ec"/>
      </object_component>
      <object_component id="oc-1a0">
         <name>.debug_info</name>
         <load_address>0xee10</load_address>
         <run_address>0xee10</run_address>
         <size>0x29a</size>
         <input_file_ref idref="fl-ec"/>
      </object_component>
      <object_component id="oc-243">
         <name>.debug_info</name>
         <load_address>0xf0aa</load_address>
         <run_address>0xf0aa</run_address>
         <size>0x189</size>
         <input_file_ref idref="fl-ec"/>
      </object_component>
      <object_component id="oc-255">
         <name>.debug_info</name>
         <load_address>0xf233</load_address>
         <run_address>0xf233</run_address>
         <size>0x18b</size>
         <input_file_ref idref="fl-ec"/>
      </object_component>
      <object_component id="oc-24f">
         <name>.debug_info</name>
         <load_address>0xf3be</load_address>
         <run_address>0xf3be</run_address>
         <size>0x295</size>
         <input_file_ref idref="fl-ec"/>
      </object_component>
      <object_component id="oc-306">
         <name>.debug_info</name>
         <load_address>0xf653</load_address>
         <run_address>0xf653</run_address>
         <size>0x17b</size>
         <input_file_ref idref="fl-ed"/>
      </object_component>
      <object_component id="oc-222">
         <name>.debug_info</name>
         <load_address>0xf7ce</load_address>
         <run_address>0xf7ce</run_address>
         <size>0x1bb</size>
         <input_file_ref idref="fl-ed"/>
      </object_component>
      <object_component id="oc-228">
         <name>.debug_info</name>
         <load_address>0xf989</load_address>
         <run_address>0xf989</run_address>
         <size>0x1bd</size>
         <input_file_ref idref="fl-ed"/>
      </object_component>
      <object_component id="oc-1f2">
         <name>.debug_info</name>
         <load_address>0xfb46</load_address>
         <run_address>0xfb46</run_address>
         <size>0x1c5</size>
         <input_file_ref idref="fl-ed"/>
      </object_component>
      <object_component id="oc-1f8">
         <name>.debug_info</name>
         <load_address>0xfd0b</load_address>
         <run_address>0xfd0b</run_address>
         <size>0x1f7</size>
         <input_file_ref idref="fl-ed"/>
      </object_component>
      <object_component id="oc-21d">
         <name>.debug_info</name>
         <load_address>0xff02</load_address>
         <run_address>0xff02</run_address>
         <size>0x1ef</size>
         <input_file_ref idref="fl-ed"/>
      </object_component>
      <object_component id="oc-23a">
         <name>.debug_info</name>
[...]
         <value>0x2001e088</value>
         <object_component_ref idref="oc-126"/>
      </symbol>
      <symbol id="sm-21a">
         <name>returnNumber</name>
         <value>0x20004f63</value>
         <object_component_ref idref="oc-a8"/>
      </symbol>
      <symbol id="sm-21b">
         <name>alpha</name>
         <value>0x2001e22c</value>
         <object_component_ref idref="oc-172"/>
      </symbol>
      <symbol id="sm-21c">
         <name>prevButton</name>
         <value>0x2001e0a0</value>
         <object_component_ref idref="oc-126"/>
      </symbol>
      <symbol id="sm-21d">
         <name>enter</name>
         <value>0x2001e0d7</value>
         <object_component_ref idref="oc-16c"/>
      </symbol>
      <symbol id="sm-21e">
         <name>inTransmission</name>
         <value>0x2001e08c</value>
         <object_component_ref idref="oc-126"/>
      </symbol>
      <symbol id="sm-21f">
         <name>UARTSend</name>
         <value>0x20005161</value>
         <object_component_ref idref="oc-a8"/>
      </symbol>
      <symbol id="sm-220">
         <name>itr2</name>
         <value>0x2001e09c</value>
         <object_component_ref idref="oc-126"/>
      </symbol>
      <symbol id="sm-221">
         <name>zero</name>
         <value>0x2001e20d</value>
         <object_component_ref idref="oc-136"/>
      </symbol>
      <symbol id="sm-222">
         <name>append</name>
         <value>0x20005199</value>
         <object_component_ref idref="oc-a8"/>
      </symbol>
      <symbol id="sm-223">
         <name>flag</name>
         <value>0x2001e0a4</value>
         <object_component_ref idref="oc-126"/>
      </symbol>
      <symbol id="sm-224">
         <name>checkBounds</name>
         <value>0x200051dd</value>
         <object_component_ref idref="oc-a8"/>
      </symbol>
      <symbol id="sm-231">
         <name>PinMuxConfig</name>
         <value>0x20005e4d</value>
         <object_component_ref idref="oc-175"/>
      </symbol>
      <symbol id="sm-250">
         <name>ResetISR</name>
         <value>0x2000711f</value>
         <object_component_ref idref="oc-2d"/>
      </symbol>
      <symbol id="sm-251">
         <name>g_pfnVectors</name>
         <value>0x20004000</value>
         <object_component_ref idref="oc-f"/>
      </symbol>
      <symbol id="sm-27d">
         <name>Timer_IF_GetCount</name>
         <value>0x20005cb5</value>
         <object_component_ref idref="oc-f0"/>
      </symbol>
      <symbol id="sm-27e">
         <name>Timer_IF_DeInit</name>
         <value>0x20005c83</value>
         <object_component_ref idref="oc-f0"/>
      </symbol>
      <symbol id="sm-27f">
         <name>Timer_IF_InterruptClear</name>
         <value>0x20005c3b</value>
         <object_component_ref idref="oc-f0"/>
      </symbol>
      <symbol id="sm-280">
         <name>Timer_IF_IntSetup</name>
         <value>0x20005bef</value>
         <object_component_ref idref="oc-f0"/>
      </symbol>
      <symbol id="sm-281">
         <name>Timer_IF_Stop</name>
         <value>0x20005c73</value>
         <object_component_ref idref="oc-f0"/>
      </symbol>
      <symbol id="sm-282">
         <name>Timer_IF_Start</name>
         <value>0x20005c53</value>
         <object_component_ref idref="oc-f0"/>
      </symbol>
      <symbol id="sm-283">
         <name>Timer_IF_Init</name>
         <value>0x20005bbd</value>
         <object_component_ref idref="oc-f0"/>
      </symbol>
      <symbol id="sm-284">
         <name>Timer_IF_ReLoad</name>
         <value>0x20005c9d</value>
         <object_component_ref idref="oc-f0"/>
      </symbol>
      <symbol id="sm-295">
         <name>_c_int00</name>
         <value>0x20006b7d</value>
         <object_component_ref idref="oc-24"/>
      </symbol>
      <symbol id="sm-296">
         <name>__stack</name>
         <value>0x2003f800</value>
         <object_component_ref idref="oc-29"/>
      </symbol>
      <symbol id="sm-2b4">
         <name>__TI_decompress_lzss</name>
         <value>0x200068b9</value>
         <object_component_ref idref="oc-12"/>
      </symbol>
      <symbol id="sm-2cb">
         <name>__TI_decompress_none</name>
         <value>0x20007111</value>
         <object_component_ref idref="oc-18"/>
      </symbol>
      <symbol id="sm-2dd">
         <name>__TI_zero_init</name>
         <value>0x2000712d</value>
         <object_component_ref idref="oc-1e"/>
      </symbol>
      <symbol id="sm-2fe">
         <name>C$$EXIT</name>
         <value>0x200069cd</value>
         <object_component_ref idref="oc-71"/>
      </symbol>
      <symbol id="sm-2ff">
         <name>abort</name>
         <value>0x200069d1</value>
         <object_component_ref idref="oc-71"/>
      </symbol>
      <symbol id="sm-300">
         <name>exit</name>
         <value>0x200069d9</value>
         <object_component_ref idref="oc-71"/>
      </symbol>
      <symbol id="sm-301">
         <name>__TI_dtors_ptr</name>
         <value>0x2001e264</value>
         <object_component_ref idref="oc-b0"/>
      </symbol>
      <symbol id="sm-302">
         <name>__TI_cleanup_ptr</name>
         <value>0x2001e260</value>
         <object_component_ref idref="oc-b0"/>
      </symbol>
      <symbol id="sm-303">
         <name>__TI_enable_exit_profile_output</name>
         <value>0x2001e268</value>
         <object_component_ref idref="oc-b0"/>
      </symbol>
      <symbol id="sm-313">
         <name>memcmp</name>
         <value>0x20006d81</value>
         <object_component_ref idref="oc-fc"/>
      </symbol>
      <symbol id="sm-32e">
         <name>memcpy</name>
         <value>0x200063bd</value>
         <object_component_ref idref="oc-41"/>
      </symbol>
      <symbol id="sm-32f">
         <name>__aeabi_memcpy</name>
         <value>0x200063bd</value>
         <object_component_ref idref="oc-41"/>
      </symbol>
      <symbol id="sm-330">
         <name>__aeabi_memcpy8</name>
         <value>0x200063bd</value>
         <object_component_ref idref="oc-41"/>
      </symbol>
      <symbol id="sm-331">
         <name>__aeabi_memcpy4</name>
         <value>0x200063bd</value>
         <object_component_ref idref="oc-41"/>
      </symbol>
      <symbol id="sm-347">
         <name>_sys_memory</name>
         <value>0x2001d880</value>
         <object_component_ref idref="oc-2a"/>
      </symbol>
      <symbol id="sm-356">
         <name>__aeabi_memset</name>
         <value>0x20006681</value>
         <object_component_ref idref="oc-4d"/>
      </symbol>
      <symbol id="sm-357">
         <name>memset</name>
         <value>0x20006687</value>
         <object_component_ref idref="oc-4d"/>
      </symbol>
      <symbol id="sm-358">
         <name>__aeabi_memset8</name>
         <value>0x20006681</value>
         <object_component_ref idref="oc-4d"/>
      </symbol>
      <symbol id="sm-359">
         <name>__aeabi_memset4</name>
         <value>0x20006681</value>
         <object_component_ref idref="oc-4d"/>
      </symbol>
      <symbol id="sm-35a">
         <name>__aeabi_memclr8</name>
         <value>0x2000667f</value>
         <object_component_ref idref="oc-4d"/>
      </symbol>
      <symbol id="sm-35b">
         <name>__aeabi_memclr4</name>
         <value>0x2000667f</value>
         <object_component_ref idref="oc-4d"/>
      </symbol>
      <symbol id="sm-35c">
         <name>__aeabi_memclr</name>
         <value>0x2000667f</value>
         <object_component_ref idref="oc-4d"/>
      </symbol>
      <symbol id="sm-366">
         <name>__mpu_init</name>
         <value>0x200061cb</value>
         <object_component_ref idref="oc-59"/>
      </symbol>
      <symbol id="sm-370">
         <name>_system_pre_init</name>
         <value>0x20007149</value>
         <object_component_ref idref="oc-5f"/>
      </symbol>
      <symbol id="sm-378">
         <name>main_func_sp</name>
         <value>0x2001e274</value>
         <object_component_ref idref="oc-77"/>
      </symbol>
      <symbol id="sm-393">
         <name>_nop</name>
         <value>0x200070e7</value>
         <object_component_ref idref="oc-1ce"/>
      </symbol>
      <symbol id="sm-394">
         <name>_lock</name>
         <value>0x2001e26c</value>
         <object_component_ref idref="oc-b3"/>
      </symbol>
      <symbol id="sm-395">
         <name>_unlock</name>
         <value>0x2001e270</value>
         <object_component_ref idref="oc-b3"/>
      </symbol>
      <symbol id="sm-396">
         <name>_register_lock</name>
         <value>0x200070df</value>
         <object_component_ref idref="oc-1ce"/>
      </symbol>
      <symbol id="sm-397">
         <name>_register_unlock</name>
         <value>0x200070d9</value>
         <object_component_ref idref="oc-1ce"/>
      </symbol>
      <symbol id="sm-3ac">
         <name>_args_main</name>
         <value>0x20007041</value>
         <object_component_ref idref="oc-6b"/>
      </symbol>
      <symbol id="sm-3d7">
         <name>__TI_auto_init</name>
         <value>0x200067e1</value>
         <object_component_ref idref="oc-65"/>
      </symbol>
      <symbol id="sm-3f1">
         <name>copy_in</name>
         <value>0x20006a21</value>
         <object_component_ref idref="oc-9a"/>
      </symbol>
      <symbol id="sm-406">
         <name>_system_post_cinit</name>
         <value>0x2000676f</value>
         <object_component_ref idref="oc-a0"/>
      </symbol>
      <symbol id="sm-472">
         <name>GPIOIntRegister</name>
         <value>0x20006e29</value>
         <object_component_ref idref="oc-17b"/>
      </symbol>
      <symbol id="sm-473">
         <name>GPIOIntDisable</name>
         <value>0x20006f17</value>
         <object_component_ref idref="oc-e4"/>
      </symbol>
      <symbol id="sm-474">
         <name>GPIOIntEnable</name>
         <value>0x20006f31</value>
         <object_component_ref idref="oc-f6"/>
      </symbol>
      <symbol id="sm-475">
         <name>GPIOIntTypeSet</name>
         <value>0x200065fd</value>
         <object_component_ref idref="oc-181"/>
      </symbol>
      <symbol id="sm-476">
         <name>GPIOIntClear</name>
         <value>0x200070af</value>
         <object_component_ref idref="oc-de"/>
      </symbol>
      <symbol id="sm-477">
         <name>GPIOIntStatus</name>
         <value>0x20006da5</value>
         <object_component_ref idref="oc-d8"/>
      </symbol>
      <symbol id="sm-478">
         <name>GPIOPinRead</name>
         <value>0x20006f7f</value>
         <object_component_ref idref="oc-ea"/>
      </symbol>
      <symbol id="sm-479">
         <name>GPIODirModeSet</name>
         <value>0x20006bf9</value>
         <object_component_ref idref="oc-2bf"/>
      </symbol>
      <symbol id="sm-47a">
         <name>GPIOPinWrite</name>
         <value>0x20006de9</value>
         <object_component_ref idref="oc-248"/>
      </symbol>
      <symbol id="sm-4f2">
         <name>IntPrioritySet</name>
         <value>0x20006979</value>
         <object_component_ref idref="oc-1fb"/>
      </symbol>
      <symbol id="sm-4f3">
         <name>IntVTableBaseSet</name>
         <value>0x200070c5</value>
         <object_component_ref idref="oc-13c"/>
      </symbol>
      <symbol id="sm-4f4">
         <name>IntEnable</name>
         <value>0x20006275</value>
         <object_component_ref idref="oc-148"/>
      </symbol>
      <symbol id="sm-4f5">
         <name>IntDisable</name>
         <value>0x200061cd</value>
         <object_component_ref idref="oc-30e"/>
      </symbol>
      <symbol id="sm-4f6">
         <name>IntRegister</name>
         <value>0x20006e09</value>
         <object_component_ref idref="oc-2d8"/>
      </symbol>
      <symbol id="sm-4f7">
         <name>IntUnregister</name>
         <value>0x20006d39</value>
         <object_component_ref idref="oc-314"/>
      </symbol>
      <symbol id="sm-4f8">
         <name>IntMasterEnable</name>
         <value>0x20007139</value>
         <object_component_ref idref="oc-142"/>
      </symbol>
      <symbol id="sm-537">
         <name>PinTypeUART</name>
         <value>0x20006f65</value>
         <object_component_ref idref="oc-2cb"/>
      </symbol>
      <symbol id="sm-538">
         <name>PinTypeGPIO</name>
         <value>0x20006c2f</value>
         <object_component_ref idref="oc-2b9"/>
      </symbol>
      <symbol id="sm-539">
         <name>PinConfigSet</name>
         <value>0x200064ed</value>
         <object_component_ref idref="oc-34c"/>
      </symbol>
      <symbol id="sm-53a">
         <name>PinTypeSPI</name>
         <value>0x20006f4b</value>
         <object_component_ref idref="oc-2c5"/>
      </symbol>
      <symbol id="sm-53b">
         <name>PinModeSet</name>
         <value>0x20006b3d</value>
         <object_component_ref idref="oc-2b3"/>
      </symbol>
      <symbol id="sm-5c1">
         <name>PRCMPeripheralReset</name>
         <value>0x20006921</value>
         <object_component_ref idref="oc-18d"/>
      </symbol>
      <symbol id="sm-5c2">
         <name>PRCMPeripheralClkEnable</name>
         <value>0x20006bbd</value>
         <object_component_ref idref="oc-187"/>
      </symbol>
      <symbol id="sm-5c3">
         <name>PRCMPeripheralClockGet</name>
         <value>0x20006459</value>
         <object_component_ref idref="oc-199"/>
      </symbol>
      <symbol id="sm-5c4">
         <name>PRCMCC3200MCUInit</name>
         <value>0x20005cd5</value>
         <object_component_ref idref="oc-14e"/>
      </symbol>
      <symbol id="sm-5c5">
         <name>PRCMHIBRegWrite</name>
         <value>0x2000706f</value>
         <object_component_ref idref="oc-290"/>
      </symbol>
      <symbol id="sm-5c6">
         <name>PRCMSysResetCauseGet</name>
         <value>0x20006c91</value>
         <object_component_ref idref="oc-284"/>
      </symbol>
      <symbol id="sm-5c7">
         <name>PRCMPeripheralClkDisable</name>
         <value>0x20006d11</value>
         <object_component_ref idref="oc-296"/>
      </symbol>
      <symbol id="sm-5c8">
         <name>PRCMHIBRegRead</name>
         <value>0x20007059</value>
         <object_component_ref idref="oc-28a"/>
      </symbol>
      <symbol id="sm-63c">
         <name>SPITransfer</name>
         <value>0x20006575</value>
         <object_component_ref idref="oc-24e"/>
      </symbol>
      <symbol id="sm-63d">
         <name>SPICSEnable</name>
         <value>0x20006faf</value>
         <object_component_ref idref="oc-242"/>
      </symbol>
      <symbol id="sm-63e">
         <name>SPIEnable</name>
         <value>0x20006fc7</value>
         <object_component_ref idref="oc-1a5"/>
      </symbol>
      <symbol id="sm-63f">
         <name>SPIConfigSetExpClk</name>
         <value>0x2000631d</value>
         <object_component_ref idref="oc-19f"/>
      </symbol>
      <symbol id="sm-640">
         <name>SPIReset</name>
         <value>0x20006dc7</value>
         <object_component_ref idref="oc-193"/>
      </symbol>
      <symbol id="sm-641">
         <name>SPICSDisable</name>
         <value>0x20006f97</value>
         <object_component_ref idref="oc-254"/>
      </symbol>
      <symbol id="sm-6c5">
         <name>TimerLoadSet</name>
         <value>0x20006cbd</value>
         <object_component_ref idref="oc-219"/>
      </symbol>
      <symbol id="sm-6c6">
         <name>TimerDisable</name>
         <value>0x20006e47</value>
         <object_component_ref idref="oc-225"/>
      </symbol>
      <symbol id="sm-6c7">
         <name>TimerIntRegister</name>
         <value>0x20006771</value>
         <object_component_ref idref="oc-201"/>
      </symbol>
      <symbol id="sm-6c8">
         <name>TimerEnable</name>
         <value>0x20006e65</value>
         <object_component_ref idref="oc-21f"/>
      </symbol>
      <symbol id="sm-6c9">
         <name>TimerIntUnregister</name>
         <value>0x20006851</value>
         <object_component_ref idref="oc-231"/>
      </symbol>
      <symbol id="sm-6ca">
         <name>TimerIntStatus</name>
         <value>0x20006e83</value>
         <object_component_ref idref="oc-20d"/>
      </symbol>
      <symbol id="sm-6cb">
         <name>TimerIntDisable</name>
         <value>0x20006fdf</value>
         <object_component_ref idref="oc-22b"/>
      </symbol>
      <symbol id="sm-6cc">
         <name>TimerValueGet</name>
         <value>0x20006efb</value>
         <object_component_ref idref="oc-237"/>
      </symbol>
      <symbol id="sm-6cd">
         <name>TimerPrescaleSet</name>
         <value>0x20006ce7</value>
         <object_component_ref idref="oc-1f5"/>
      </symbol>
      <symbol id="sm-6ce">
         <name>TimerIntEnable</name>
         <value>0x20006ff7</value>
         <object_component_ref idref="oc-207"/>
      </symbol>
      <symbol id="sm-6cf">
         <name>TimerConfigure</name>
         <value>0x20006ab5</value>
         <object_component_ref idref="oc-1ef"/>
      </symbol>
      <symbol id="sm-6d0">
         <name>TimerIntClear</name>
         <value>0x200070ed</value>
         <object_component_ref idref="oc-213"/>
      </symbol>
      <symbol id="sm-747">
         <name>UARTConfigSetExpClk</name>
         <value>0x200066f9</value>
         <object_component_ref idref="oc-1ab"/>
      </symbol>
      <symbol id="sm-748">
         <name>UARTDisable</name>
         <value>0x20006c61</value>
         <object_component_ref idref="oc-2eb"/>
      </symbol>
      <symbol id="sm-749">
         <name>UARTIntEnable</name>
         <value>0x20007027</value>
         <object_component_ref idref="oc-1bd"/>
      </symbol>
      <symbol id="sm-74a">
         <name>UARTCharsAvail</name>
         <value>0x2000700f</value>
         <object_component_ref idref="oc-120"/>
      </symbol>
      <symbol id="sm-74b">
         <name>UARTCharPut</name>
         <value>0x20006ea1</value>
         <object_component_ref idref="oc-130"/>
      </symbol>
      <symbol id="sm-74c">
         <name>UARTEnable</name>
         <value>0x20006d5d</value>
         <object_component_ref idref="oc-1b1"/>
      </symbol>
      <symbol id="sm-74d">
         <name>UARTIntClear</name>
         <value>0x200070ff</value>
         <object_component_ref idref="oc-114"/>
      </symbol>
      <symbol id="sm-74e">
         <name>UARTIntStatus</name>
         <value>0x20006edd</value>
         <object_component_ref idref="oc-10e"/>
      </symbol>
      <symbol id="sm-74f">
         <name>UARTCharGet</name>
         <value>0x20007085</value>
         <object_component_ref idref="oc-11a"/>
      </symbol>
      <symbol id="sm-750">
         <name>UARTIntRegister</name>
         <value>0x20006ebf</value>
         <object_component_ref idref="oc-1b7"/>
      </symbol>
      <symbol id="sm-754">
         <name>UtilsDelay</name>
         <value>0x20007143</value>
         <object_component_ref idref="oc-344"/>
      </symbol>
      <symbol id="sm-75e">
         <name>CPUcpsie</name>
         <value>0x2000709b</value>
         <object_component_ref idref="oc-279"/>
      </symbol>
      <symbol id="sm-760">
         <name>__TI_static_base__</name>
         <value>0x20007958</value>
      </symbol>
      <symbol id="sm-763">
         <name>SHT$$INIT_ARRAY$$Limit</name>
         <value>0x0</value>
      </symbol>
      <symbol id="sm-764">
         <name>SHT$$INIT_ARRAY$$Base</name>
         <value>0x0</value>
      </symbol>
   </symbol_table>
   <title>Link successful</title>
</link_info>
